#./src/main/resources/Entities.map
#Sun Jun 23 23:06:57 CEST 2019
application4=861
application3=860
personalDataRookie2Copy3=824
application2=859
personalDataRookie2Copy2=822
application1=863
personalData1Rookie1Copy=812
educationalDataRookie1=808
item4=830
item3=829
item2=828
personalDataRookie2=818
item1=827
provider2=826
provider1=825
socialProfileAdmin1=797
audit2=835
audit1=834
userAccount10=796
miscellaneousDataRookie1=806
personalData1Rookie1=807
personalDataRookie2Copy=820
curricula1Rookie1=805
problem6=845
position4=839
problem5=844
position3=838
problem4=843
position2=837
problem3=842
position1=836
problem2=841
problem1=840
company2=800
configuration1=846
company1=798
cozitah4=850
cozitah3=849
cozitah2=848
cozitah1=847
curriculaRookie2Copy3=823
curriculaRookie2Copy2=821
curricula1Rookie1Copy=810
socialProfileRookie1=802
positionDataRookie1Copy=814
admin1=851
finderRookie2=804
finderRookie1=803
educationalDataRookie1Copy=813
message3=854
message2=852
curriculaRookie2=817
curriculaRookie2Copy=819
message1=799
personalData2Rookie1=816
miscellaneousDataRookie1Copy=811
socialProfileCompany1=801
sponsorship4=858
sponsorship3=857
sponsorship2=856
sponsorship1=855
positionDataRookie1=809
rookie2=853
rookie1=862
userAccount9=795
userAccount8=794
userAccount7=793
userAccount6=792
userAccount5=791
userAccount4=790
userAccount3=789
userAccount2=788
userAccount1=787
auditor3=833
curricula2Rookie1=815
auditor2=832
auditor1=831
