#./src/main/resources/Entities.map
#Mon Jun 24 19:16:53 CEST 2019
application4=875
application3=874
personalDataRookie2Copy3=836
application2=873
personalDataRookie2Copy2=834
application1=877
personalData1Rookie1Copy=824
educationalDataRookie1=820
debuk4TEST=863
item4=842
item3=841
item2=840
personalDataRookie2=830
item1=839
provider2=838
provider1=837
debuk3TEST=862
socialProfileAdmin1=809
audit3=848
audit2=847
audit1=846
userAccount10=808
miscellaneousDataRookie1=818
personalData1Rookie1=819
personalDataRookie2Copy=832
curricula1Rookie1=817
debuk2TEST=861
problem6=858
position4=852
problem5=857
position3=851
problem4=856
position2=850
problem3=855
position1=849
problem2=854
problem1=853
company2=812
configuration1=859
company1=810
curriculaRookie2Copy3=835
curriculaRookie2Copy2=833
curricula1Rookie1Copy=822
debuk1TEST=860
socialProfileRookie1=814
positionDataRookie1Copy=826
admin1=865
finderRookie2=816
finderRookie1=815
educationalDataRookie1Copy=825
message3=868
message2=866
curriculaRookie2=829
curriculaRookie2Copy=831
message1=811
debuk5=864
personalData2Rookie1=828
miscellaneousDataRookie1Copy=823
socialProfileCompany1=813
sponsorship4=872
sponsorship3=871
sponsorship2=870
sponsorship1=869
positionDataRookie1=821
rookie2=867
rookie1=876
userAccount9=807
userAccount8=806
userAccount7=805
userAccount6=804
userAccount5=803
userAccount4=802
userAccount3=801
userAccount2=800
userAccount1=799
auditor3=845
curricula2Rookie1=827
auditor2=844
auditor1=843
